// Jest Snapshot v1, https://goo.gl/fbAQLP

exports[`CardDetailContainer renders a list of magic cards to the page 1`] = `
<h1>
  Ancestor's Chosen
</h1>
`;
